Inno Setup 6 Command-Line Compiler
Copyright (C) 1997-2025 Jordan Russell. All rights reserved.
Portions Copyright (C) 2000-2025 Martijn Laan. All rights reserved.
Portions Copyright (C) 2001-2004 Alex Yackimoff. All rights reserved.
https://www.innosetup.com

Compiler engine version: Inno Setup 6.5.1
Non-commercial use only

Preprocessing
   Reading file: D:\Inno Setup 6\ISPPBuiltins.iss
Parsing [Setup] section, line 9
Parsing [Setup] section, line 10
Parsing [Setup] section, line 11
Parsing [Setup] section, line 12
Parsing [Setup] section, line 13
Parsing [Setup] section, line 14
Parsing [Setup] section, line 15
Parsing [Setup] section, line 16
Parsing [Setup] section, line 17
Parsing [Setup] section, line 18
Parsing [Setup] section, line 19
Parsing [Setup] section, line 21
Parsing [Setup] section, line 22
Parsing [Setup] section, line 23
Parsing [Setup] section, line 24
Reading file (WizardImageFile)
Reading file (WizardSmallImageFile)
Preparing Setup program executable
   Verification successful
   Updating version info (Setup.e32)
Determining language code pages
Parsing [Languages] section, line 27
   Reading file: D:\Inno Setup 6\Default.isl
   Messages in script file
Reading default messages from Default.isl
Parsing [Languages] section, line 27
   Reading file: D:\Inno Setup 6\Default.isl
Parsing [LangOptions], [Messages], and [CustomMessages] sections
   Messages in script file
Reading [Code] section
Parsing [Tasks] section, line 30
Parsing [Tasks] section, line 31
Parsing [Tasks] section, line 32
Parsing [Icons] section, line 40
Parsing [Icons] section, line 41
Parsing [Icons] section, line 42
Parsing [Run] section, line 45
Parsing [Files] section, line 35
Parsing [Files] section, line 36
Parsing [Files] section, line 37
Compiling [Code] section
Deleting WebtroopsScreen Draw_Setup_1.0.0.exe from output directory
Creating setup files
   Verification successful
   Compressing: D:\screenDraw\dist\WebtroopsScreen Draw.exe
   Compressing: D:\screenDraw\assets\icon.ico
   Compressing: D:\screenDraw\src\config.py
   Compressing: D:\screenDraw\src\screen_draw.py
   Compressing Setup program executable
   Updating version info (Setup.exe)
   Updating manifest (Setup.exe)


Successful compile (11.281 sec). Resulting Setup program filename is:
D:\screenDraw\Output\WebtroopsScreen Draw_Setup_1.0.0.exe
Building WebtroopsScreen Draw v1.0.0
Cleaning output directories...
Output directories cleaned
Building executable with PyInstaller...
Executable build complete
Creating Inno Setup script...
Inno Setup script created
Building installer with Inno Setup...
Running Inno Setup compiler from: D:\Inno Setup 6\ISCC.exe
Installer build complete

Build successful! Installer is available in the dist directory.
